[KKLeighs-MacBook-Pro:plot kalemattias$ git status
On branch master
Your branch is up to date with 'origin/master'.

Changes not staged for commit:
  (use "git add/rm <file>..." to update what will be committed)
  (use "git checkout -- <file>..." to discard changes in working directory)

	[31mmodified:   baserplot.R[m
	[31mdeleted:    biketown-2018-trips.csv[m

Untracked files:
  (use "git add <file>..." to include in what will be committed)

	[31m.RData[m
	[31m.Rhistory[m
	[31mbiketown_env.RData[m
	[31mintro_dplyr.R[m

no changes added to commit (use "git add" and/or "git commit -a")
]0;~/Desktop/plotKLeighs-MacBook-Pro:plot kalemattias$ git status
On branch master
Your branch is up to date with 'origin/master'.

Changes not staged for commit:
  (use "git add/rm <file>..." to update what will be committed)
  (use "git checkout -- <file>..." to discard changes in working directory)

	[31mmodified:   baserplot.R[m
	[31mdeleted:    biketown-2018-trips.csv[m

Untracked files:
  (use "git add <file>..." to include in what will be committed)

	[31m.RData[m
	[31m.Rhistory[m
	[31mbiketown_env.RData[m
	[31mintro_dplyr.R[m

no changes added to commit (use "git add" and/or "git commit -a")
]0;~/Desktop/plotKLeighs-MacBook-Pro:plot kalemattias$ git add .
]0;~/Desktop/plotKLeighs-MacBook-Pro:plot kalemattias$ git status
On branch master
Your branch is up to date with 'origin/master'.

Changes to be committed:
  (use "git reset HEAD <file>..." to unstage)

	[32mnew file:   .RData[m
	[32mnew file:   .Rhistory[m
	[32mmodified:   baserplot.R[m
	[32mdeleted:    biketown-2018-trips.csv[m
	[32mnew file:   biketown_env.RData[m
	[32mnew file:   intro_dplyr.R[m

]0;~/Desktop/plotKLeighs-MacBook-Pro:plot kalemattias$ git commint -[K[K[K[Kt -m"[K "starting working in  dplyr"
[master 8a133af] starting working in dplyr
 6 files changed, 138 insertions(+), 399956 deletions(-)
 create mode 100644 .RData
 create mode 100644 .Rhistory
 delete mode 100755 biketown-2018-trips.csv
 create mode 100644 biketown_env.RData
 create mode 100644 intro_dplyr.R
]0;~/Desktop/plotKLeighs-MacBook-Pro:plot kalemattias$ git status
On branch master
Your branch is ahead of 'origin/master' by 1 commit.
  (use "git push" to publish your local commits)

nothing to commit, working tree clean
]0;~/Desktop/plotKLeighs-MacBook-Pro:plot kalemattias$ git push
To https://github.com/kmattias/plot.git
 [31m! [rejected]       [m master -> master (fetch first)
[31merror: failed to push some refs to 'https://github.com/kmattias/plot.git'
[m[33mhint: Updates were rejected because the remote contains work that you do[m
[33mhint: not have locally. This is usually caused by another repository pushing[m
[33mhint: to the same ref. You may want to first integrate the remote changes[m
[33mhint: (e.g., 'git pull ...') before pushing again.[m
[33mhint: See the 'Note about fast-forwards' in 'git push --help' for details.[m
]0;~/Desktop/plotKLeighs-MacBook-Pro:plot kalemattias$ git pull
remote: Enumerating objects: 5, done.[K
remote: Counting objects:  20% (1/5)   [Kremote: Counting objects:  40% (2/5)   [Kremote: Counting objects:  60% (3/5)   [Kremote: Counting objects:  80% (4/5)   [Kremote: Counting objects: 100% (5/5)   [Kremote: Counting objects: 100% (5/5), done.[K
remote: Compressing objects:  25% (1/4)   [Kremote: Compressing objects:  50% (2/4)   [Kremote: Compressing objects:  75% (3/4)   [Kremote: Compressing objects: 100% (4/4)   [Kremote: Compressing objects: 100% (4/4), done.[K
remote: Total 4 (delta 2), reused 0 (delta 0), pack-reused 0[K
Unpacking objects:  25% (1/4)   Unpacking objects:  50% (2/4)   Unpacking objects:  75% (3/4)   Unpacking objects: 100% (4/4)   Unpacking objects: 100% (4/4), done.
From https://github.com/kmattias/plot
   9b91391..e27dfb0  master     -> origin/master
Removing .gitignore
hint: Waiting for your editor to close the file... 